// Jest Snapshot v1, https://goo.gl/fbAQLP

exports[`NotMatch should render the "Not Found" text 1`] = `
<div>
  NOT Found
</div>
`;
